HILO.ASM
QMAX.ASM
QMAX_ARG.ASM
QMAX_BCF.ASM
QMAX_BSM.ASM
QMAX_CPQ.ASM
QMAX_D10.ASM
QMAX_D15.ASM
QMAX_D21.ASM
QMAX_D33.ASM
QMAX_DBG.ASM
QMAX_DIF.ASM
QMAX_DM2.ASM
QMAX_DMA.ASM
QMAX_EEM.ASM
QMAX_EM2.ASM
QMAX_EM4.ASM
QMAX_EMX.ASM
QMAX_EVM.ASM
QMAX_FCN.ASM
QMAX_FLX.ASM
QMAX_I09.ASM
QMAX_I0D.ASM
QMAX_I0E.ASM
QMAX_I15.ASM
QMAX_I21.ASM
QMAX_I31.ASM
QMAX_I4B.ASM
QMAX_I67.ASM
QMAX_IDT.ASM
QMAX_IM2.ASM
QMAX_IN2.ASM
QMAX_INI.ASM
QMAX_IOP.ASM
QMAX_J31.ASM
QMAX_K31.ASM
QMAX_KEY.ASM
QMAX_L31.ASM
QMAX_LOD.ASM
QMAX_LSM.ASM
QMAX_M31.ASM
QMAX_MAC.ASM
QMAX_MBT.ASM
QMAX_MEM.ASM
QMAX_MSG.ASM
QMAX_N31.ASM
QMAX_O31.ASM
QMAX_OEM.ASM
QMAX_OSE.ASM
QMAX_OVR.ASM
QMAX_PDT.ASM
QMAX_PMR.ASM
QMAX_PNP.ASM
QMAX_POS.ASM
QMAX_PPM.ASM
QMAX_RSP.ASM
QMAX_SCR.ASM
QMAX_SHR.ASM
QMAX_SIZ.ASM
QMAX_STA.ASM
QMAX_SWP.ASM
QMAX_SYS.ASM
QMAX_TIM.ASM
QMAX_VCP.ASM
QMAX_VME.ASM
QMAX_VMM.ASM
QMAX_XMS.ASM
UTIL_AR2.ASM
UTIL_ARG.ASM
UTIL_COM.ASM
UTIL_DDD.ASM
UTIL_EMS.ASM
UTIL_LOD.ASM
UTIL_LST.ASM
UTIL_MA2.ASM
UTIL_MAC.ASM
UTIL_MAP.ASM
UTIL_MSG.ASM
UTIL_NUM.ASM
UTIL_OFF.ASM
UTIL_OPD.ASM
UTIL_OPT.ASM
UTIL_POS.ASM
UTIL_PTE.ASM
UTIL_ROM.ASM
UTIL_STK.ASM
UTIL_STR.ASM
UTIL_SUM.ASM
UTIL_TIM.ASM
UTIL_USE.ASM
UTIL_WIN.ASM
UTIL_WTK.ASM
VERSBETA.ASM
VERSRET.ASM
