QMAX_DBG.OBJ
QMAX_EEM.OBJ
QMAX_OEM.OBJ
QMAX_SCR.OBJ
UTIL_AR2.OBJ
UTIL_ARG.OBJ
UTIL_MAC.OBJ
UTIL_MAP.OBJ
UTIL_MSG.OBJ
UTIL_OFF.OBJ
UTIL_WIN.OBJ
UTIL_WTK.OBJ
VERSBETA.OBJ
VERSRET.OBJ
QMAX.OBJ
QMAX_ARG.OBJ
QMAX_D10.OBJ
QMAX_D15.OBJ
QMAX_D21.OBJ
QMAX_D33.OBJ
QMAX_EM4.OBJ
QMAX_FCN.OBJ
QMAX_I4B.OBJ
QMAX_K31.OBJ
QMAX_L31.OBJ
QMAX_LSM.OBJ
QMAX_M31.OBJ
QMAX_MBT.OBJ
QMAX_MEM.OBJ
QMAX_MSG.OBJ
QMAX_OVR.OBJ
QMAX_PNP.OBJ
QMAX_POS.OBJ
QMAX_SHR.OBJ
QMAX_STA.OBJ
QMAX_SYS.OBJ
QMAX_VMM.OBJ
UTIL_DDD.OBJ
UTIL_EMS.OBJ
UTIL_LOD.OBJ
UTIL_LST.OBJ
UTIL_MA2.OBJ
UTIL_NUM.OBJ
UTIL_OPT.OBJ
UTIL_POS.OBJ
UTIL_PTE.OBJ
UTIL_ROM.OBJ
UTIL_STK.OBJ
UTIL_STR.OBJ
UTIL_SUM.OBJ
UTIL_TIM.OBJ
UTIL_USE.OBJ
QMAX_DM2.OBJ
