=== LZH.C ===
Borland C++  Version 3.1 Copyright (c) 1992 Borland International
lzh.c:
Error lzh.c 364: Undefined symbol 'read_byte'
*** 1 errors in Compile ***

	Available memory 4198164
=== NOSARCH.C ===
Borland C++  Version 3.1 Copyright (c) 1992 Borland International
nosarch.c:

	Available memory 4192560
=== STUBS.C ===
Borland C++  Version 3.1 Copyright (c) 1992 Borland International
stubs.c:

	Available memory 4214040
=== HELPERS.C ===
Borland C++  Version 3.1 Copyright (c) 1992 Borland International
helpers.c:

	Available memory 4199500
=== DOSIO.C ===
Borland C++  Version 3.1 Copyright (c) 1992 Borland International
dosio.c:
Error dosio.c 25: Invalid combination of opcode and operands in function dos_read
Error dosio.c 32: Undefined label '_done' in function dos_read
Error dosio.c 32: Undefined label '_err' in function dos_read
Error dosio.c 59: Undefined label '_done' in function dos_write
Error dosio.c 59: Undefined label '_err' in function dos_write
Error dosio.c 82: Undefined label '_done' in function dos_open
Error dosio.c 82: Undefined label '_err' in function dos_open
Error dosio.c 105: Undefined label '_done' in function dos_create
Error dosio.c 105: Undefined label '_err' in function dos_create
Error dosio.c 145: Undefined label '_done' in function dos_lseek
Error dosio.c 145: Undefined label '_err' in function dos_lseek
*** 11 errors in Compile ***

	Available memory 4219956
=== DONE ===
Directory of C:\.
HELPERS  OBJ              4,525 05-09-2026  3:06
LZH      OBJ              2,426 05-09-2026  3:06
NOSARCH  OBJ                843 05-09-2026  3:06
STUBS    OBJ                592 05-09-2026  3:06
    4 File(s)             8,386 Bytes.
    0 Dir(s)        262,111,744 Bytes free.
