=== INST6.C ===
Borland C++  Version 3.1 Copyright (c) 1992 Borland International
inst6.c:
Error inst6.c 15104: Type mismatch in redeclaration of 'FUN_2000_dd69'
Error inst6.c 16317: Type mismatch in redeclaration of 'FUN_3000_02ef'
Error inst6.c 16568: Nonportable pointer conversion in function FUN_3000_050c
Error inst6.c 16607: Type mismatch in redeclaration of 'FUN_3000_06ce'
Error inst6.c 16733: Type mismatch in redeclaration of 'FUN_3000_0912'
Error inst6.c 18057: Type mismatch in parameter 'param_1' in call to 'FUN_3000_20c0' in function FUN_3000_21b2
Error inst6.c 18059: Type mismatch in parameter 'param_1' in call to 'FUN_3000_20c0' in function FUN_3000_21b2
Error inst6.c 18061: Type mismatch in parameter 'param_1' in call to 'FUN_3000_2104' in function FUN_3000_21b2
Error inst6.c 18061: Type mismatch in parameter 'param_2' in call to 'FUN_3000_2104' in function FUN_3000_21b2
Error inst6.c 20143: Type mismatch in redeclaration of 'FUN_3000_3cd6'
Error inst6.c 22286: Type mismatch in redeclaration of 'FUN_3000_6c3c'
Error inst6.c 22742: Type mismatch in redeclaration of 'FUN_3000_7872'
Error inst6.c 22823: Type mismatch in redeclaration of 'FUN_3000_7928'
Error inst6.c 24077: Type mismatch in redeclaration of 'FUN_3000_8c88'
Error inst6.c 24088: Type mismatch in redeclaration of 'FUN_3000_8c98'
Error inst6.c 24144: Type mismatch in redeclaration of 'FUN_3000_8d4e'
Error inst6.c 24157: Type mismatch in redeclaration of 'FUN_3000_8d68'
Error inst6.c 24307: Type mismatch in redeclaration of 'FUN_3000_8e98'
Error inst6.c 24330: Type mismatch in redeclaration of 'FUN_3000_8ec4'
Error inst6.c 24341: Type mismatch in redeclaration of 'FUN_3000_8eda'
Error inst6.c 27038: Type mismatch in redeclaration of 'FUN_3000_bf52'
Error inst6.c 29149: Type mismatch in redeclaration of 'FUN_3000_ffe0'
Error inst6.c 29207: Nonportable pointer conversion in function FUN_3000_ffe0
Error inst6.c 37893: Nonportable pointer conversion in function FUN_4000_7d28
Error inst6.c 38350: Type mismatch in redeclaration of 'FUN_4000_8828'
Error inst6.c 38350: Too many error or warning messages
*** 26 errors in Compile ***

	Available memory 4053052
=== DONE ===
Directory of C:\.
File INST6.OBJ not found.
