Borland C++  Version 3.1 Copyright (c) 1992 Borland International
inst6.c:
Error inst6.c 15360: Type mismatch in redeclaration of 'FUN_2000_dd69'
Error inst6.c 16573: Type mismatch in redeclaration of 'FUN_3000_02ef'
Error inst6.c 16824: Nonportable pointer conversion in function FUN_3000_050c
Error inst6.c 16863: Type mismatch in redeclaration of 'FUN_3000_06ce'
Error inst6.c 16989: Type mismatch in redeclaration of 'FUN_3000_0912'
Error inst6.c 18313: Type mismatch in parameter 'param_1' in call to 'FUN_3000_20c0' in function FUN_3000_21b2
Error inst6.c 18315: Type mismatch in parameter 'param_1' in call to 'FUN_3000_20c0' in function FUN_3000_21b2
Error inst6.c 18317: Type mismatch in parameter 'param_1' in call to 'FUN_3000_2104' in function FUN_3000_21b2
Error inst6.c 18317: Type mismatch in parameter 'param_2' in call to 'FUN_3000_2104' in function FUN_3000_21b2
Error inst6.c 20399: Type mismatch in redeclaration of 'FUN_3000_3cd6'
Error inst6.c 22542: Type mismatch in redeclaration of 'FUN_3000_6c3c'
Error inst6.c 22998: Type mismatch in redeclaration of 'FUN_3000_7872'
Error inst6.c 23079: Type mismatch in redeclaration of 'FUN_3000_7928'
Error inst6.c 24333: Type mismatch in redeclaration of 'FUN_3000_8c88'
Error inst6.c 24344: Type mismatch in redeclaration of 'FUN_3000_8c98'
Error inst6.c 24400: Type mismatch in redeclaration of 'FUN_3000_8d4e'
Error inst6.c 24413: Type mismatch in redeclaration of 'FUN_3000_8d68'
Error inst6.c 24563: Type mismatch in redeclaration of 'FUN_3000_8e98'
Error inst6.c 24586: Type mismatch in redeclaration of 'FUN_3000_8ec4'
Error inst6.c 24597: Type mismatch in redeclaration of 'FUN_3000_8eda'
Error inst6.c 27294: Type mismatch in redeclaration of 'FUN_3000_bf52'
Error inst6.c 29405: Type mismatch in redeclaration of 'FUN_3000_ffe0'
Error inst6.c 29463: Nonportable pointer conversion in function FUN_3000_ffe0
Error inst6.c 38149: Nonportable pointer conversion in function FUN_4000_7d28
Error inst6.c 38606: Type mismatch in redeclaration of 'FUN_4000_8828'
Error inst6.c 38606: Too many error or warning messages
*** 26 errors in Compile ***

	Available memory 4053052
Directory of C:\.
File INST6.OBJ not found.
