Borland C++  Version 3.1 Copyright (c) 1992 Borland International
inst6.c:
Error inst6.c 15692: Type mismatch in redeclaration of 'FUN_2000_dd69'
Error inst6.c 16905: Type mismatch in redeclaration of 'FUN_3000_02ef'
Error inst6.c 17156: Nonportable pointer conversion in function FUN_3000_050c
Error inst6.c 17195: Type mismatch in redeclaration of 'FUN_3000_06ce'
Error inst6.c 17321: Type mismatch in redeclaration of 'FUN_3000_0912'
Error inst6.c 18645: Type mismatch in parameter 'param_1' in call to 'FUN_3000_20c0' in function FUN_3000_21b2
Error inst6.c 18647: Type mismatch in parameter 'param_1' in call to 'FUN_3000_20c0' in function FUN_3000_21b2
Error inst6.c 18649: Type mismatch in parameter 'param_1' in call to 'FUN_3000_2104' in function FUN_3000_21b2
Error inst6.c 18649: Type mismatch in parameter 'param_2' in call to 'FUN_3000_2104' in function FUN_3000_21b2
Error inst6.c 20731: Type mismatch in redeclaration of 'FUN_3000_3cd6'
Error inst6.c 22874: Type mismatch in redeclaration of 'FUN_3000_6c3c'
Error inst6.c 23330: Type mismatch in redeclaration of 'FUN_3000_7872'
Error inst6.c 23411: Type mismatch in redeclaration of 'FUN_3000_7928'
Error inst6.c 24665: Type mismatch in redeclaration of 'FUN_3000_8c88'
Error inst6.c 24676: Type mismatch in redeclaration of 'FUN_3000_8c98'
Error inst6.c 24732: Type mismatch in redeclaration of 'FUN_3000_8d4e'
Error inst6.c 24745: Type mismatch in redeclaration of 'FUN_3000_8d68'
Error inst6.c 24895: Type mismatch in redeclaration of 'FUN_3000_8e98'
Error inst6.c 24918: Type mismatch in redeclaration of 'FUN_3000_8ec4'
Error inst6.c 24929: Type mismatch in redeclaration of 'FUN_3000_8eda'
Error inst6.c 27626: Type mismatch in redeclaration of 'FUN_3000_bf52'
Error inst6.c 29737: Type mismatch in redeclaration of 'FUN_3000_ffe0'
Error inst6.c 29795: Nonportable pointer conversion in function FUN_3000_ffe0
Error inst6.c 38481: Nonportable pointer conversion in function FUN_4000_7d28
Error inst6.c 38938: Type mismatch in redeclaration of 'FUN_4000_8828'
Error inst6.c 38938: Too many error or warning messages
*** 26 errors in Compile ***

	Available memory 4053052
Directory of C:\.
File INST6.OBJ not found.
