=== LINKFIX ===
Borland C++  Version 3.1 Copyright (c) 1992 Borland International
linkfix.c:

	Available memory 4215748
=== INST6 ===
Borland C++  Version 3.1 Copyright (c) 1992 Borland International
inst6.c:

	Available memory 3986340
=== HELPERS ===
Borland C++  Version 3.1 Copyright (c) 1992 Borland International
helpers.c:

	Available memory 4199500
=== LZH ===
Borland C++  Version 3.1 Copyright (c) 1992 Borland International
lzh.c:

	Available memory 4198164
=== NOSARCH ===
Borland C++  Version 3.1 Copyright (c) 1992 Borland International
nosarch.c:

	Available memory 4192560
=== LINK ===
Turbo Link  Version 5.1 Copyright (c) 1992 Borland International
Error: Undefined symbol FIWRQQ in module inst6.c
Error: Undefined symbol FIDRQQ in module inst6.c
Error: Undefined symbol _FUN_1000_c08c in module inst6.c
Error: Undefined symbol _FUN_1000_a175 in module inst6.c
Error: Undefined symbol _FUN_1000_056f in module inst6.c
Error: Undefined symbol _FUN_3000_1c24 in module inst6.c
Error: Undefined symbol _FUN_3000_02b8 in module inst6.c
Error: Undefined symbol _FUN_3000_3468 in module inst6.c
Error: Undefined symbol _FUN_3000_277e in module inst6.c
Error: Undefined symbol _FUN_3000_03b8 in module inst6.c
Error: Undefined symbol _FUN_3000_1d8e in module inst6.c
Error: Undefined symbol _FUN_3000_3c7a in module inst6.c
Error: Undefined symbol _FUN_3000_7900 in module inst6.c
Error: Undefined symbol _FUN_3000_787e in module inst6.c
Error: Undefined symbol _FUN_3000_91b2 in module inst6.c
Error: Undefined symbol _FUN_3000_9c82 in module inst6.c
Error: Undefined symbol _FUN_3000_9a32 in module inst6.c
Error: Undefined symbol _FUN_3000_1a7c in module inst6.c
Error: Undefined symbol _FUN_2000_60fe in module inst6.c
Error: Undefined symbol _FUN_3000_8146 in module inst6.c
Error: Undefined symbol _FUN_3000_793c in module inst6.c
Error: Undefined symbol _FUN_4000_d898 in module inst6.c
Error: Undefined symbol _FUN_4000_d900 in module inst6.c
Error: Undefined symbol _FUN_4000_d5fc in module inst6.c
Error: Undefined symbol _FUN_4000_c8f8 in module inst6.c
Error: Undefined symbol _FUN_4000_ca34 in module inst6.c
Error: Undefined symbol _FUN_4000_c8f0 in module inst6.c
Error: Undefined symbol _FUN_4000_c7cc in module inst6.c
Error: Undefined symbol _FUN_4000_c688 in module inst6.c
Error: Undefined symbol _FUN_4000_9bee in module inst6.c
Error: Undefined symbol _FUN_4000_4c35 in module inst6.c
Error: Undefined symbol _FUN_3000_86e4 in module inst6.c
Error: Undefined symbol _FUN_4000_ee86 in module inst6.c
Error: Undefined symbol _FUN_4000_ee2a in module inst6.c
Error: Undefined symbol _FUN_4000_e452 in module inst6.c
Error: Undefined symbol _FUN_4000_8e42 in module inst6.c
Error: Undefined symbol _FUN_3000_4034 in module inst6.c
Error: Undefined symbol _FUN_4000_4c22 in module inst6.c
Error: Undefined symbol _FUN_4000_5c6e in module inst6.c
Error: Undefined symbol _FUN_4000_a65e in module inst6.c
Error: Undefined symbol _FUN_4000_3c96 in module inst6.c
Error: Undefined symbol _FUN_4000_3ebc in module inst6.c
Error: Undefined symbol _FUN_4000_f2e8 in module inst6.c
Error: Undefined symbol _FUN_5000_1e88 in module inst6.c
Error: Undefined symbol _FUN_5000_2f7a in module inst6.c
Error: Undefined symbol _FUN_5000_31dc in module inst6.c
Error: Undefined symbol _FUN_4000_6608 in module inst6.c
Error: Undefined symbol _FUN_1000_8f86 in module inst6.c
Error: Undefined symbol _FUN_4000_deee in module inst6.c
Error: Undefined symbol _FUN_4000_e0ce in module inst6.c
Error: Undefined symbol _FUN_4000_dbc2 in module inst6.c
Error: Undefined symbol _FUN_4000_cb18 in module inst6.c
Error: Undefined symbol _FUN_4000_f088 in module inst6.c
Error: Undefined symbol _FUN_4000_bcf8 in module inst6.c
Error: Undefined symbol _FUN_4000_b54e in module inst6.c
Error: Undefined symbol _FUN_4000_f0b0 in module inst6.c
Error: Undefined symbol _FUN_4000_f1f8 in module inst6.c
Error: Undefined symbol _FUN_4000_eeb6 in module inst6.c
Error: Undefined symbol _FUN_4000_eebe in module inst6.c
Error: Undefined symbol _FUN_4000_dfe4 in module inst6.c
Error: Undefined symbol _FUN_4000_dd92 in module inst6.c
Error: Undefined symbol _FUN_5000_431a in module inst6.c
Error: Undefined symbol _FUN_5000_3cee in module inst6.c
Error: Undefined symbol _FUN_5000_4018 in module inst6.c
Error: Undefined symbol _FUN_5000_437c in module inst6.c
Error: Undefined symbol _FUN_5000_3c82 in module inst6.c
Error: Undefined symbol _FUN_5000_3c0e in module inst6.c
Error: Undefined symbol _FUN_5000_362e in module inst6.c
Error: Undefined symbol _FUN_3000_1236 in module helpers.c
Error: Undefined symbol _FUN_3000_17d4 in module helpers.c
Error: Undefined symbol _FUN_3000_3046 in module helpers.c
Error: Undefined symbol _FUN_2000_dcef in module helpers.c
Error: Undefined symbol _FUN_5000_6ebf in module helpers.c
Error: Undefined symbol _FUN_2000_a130 in module helpers.c
Error: Undefined symbol _FUN_3000_5724 in module helpers.c
Error: Undefined symbol _FUN_3000_559e in module helpers.c
Error: Undefined symbol _lzh_extract in module nosarch.c
Error: Undefined symbol _raw_copy in module nosarch.c
Error: Undefined symbol _FUN_1000_0064 in module linkfix.c
=== DONE ===
Directory of C:\.
INST6    EXE             46,538 05-09-2026  3:32
    1 File(s)            46,538 Bytes.
    0 Dir(s)        262,111,744 Bytes free.
