STUFF.C

Microsoft (R) Overlay Linker  Version 3.65   
Copyright (C) Microsoft Corp 1983-1988.  All rights reserved.

Object Modules [.OBJ]: STUFF.OBJ 
Run File [STUFF.EXE]: STUFF.EXE /NOI
List File [NUL.MAP]: NUL
Libraries [.LIB]: 
LINK : warning L4051: SLIBCE.LIB : cannot find library
LINK : warning L4021: no stack segment

LINK : error L2029: Unresolved externals:



__chkstk in file(s):
 STUFF.OBJ(STUFF.C)
__acrtused in file(s):
 STUFF.OBJ(STUFF.C)
_spawnl in file(s):
 STUFF.OBJ(STUFF.C)
_int86 in file(s):
 STUFF.OBJ(STUFF.C)

There were 4 errors detected
EXIT
Directory of C:\.
STUFF    EXE                634 05-09-2026  7:23
    1 File(s)               634 Bytes.
    0 Dir(s)        262,111,744 Bytes free.
