
Microsoft (R) Overlay Linker  Version 3.65   
Copyright (C) Microsoft Corp 1983-1988.  All rights reserved.

C:\MSC51\LIB\LLIBFP.LIB(..\cfpsig.ASM) : error L2044: __fpsignal : symbol multiply defined, use /NOE
 pos: E6C Record type: 53B0
C:\MSC51\LIB\EM.LIB(emulator.ASM) : error L2044: __fpmath : symbol multiply defined, use /NOE
 pos: 170 Record type: 53B0
LINK : warning L4051: LLIBCE.LIB : cannot find library

LINK : error L2029: Unresolved externals:



__aFlmul in file(s):
 C:\MSC51\LIB\LLIBCR.LIB(fseek.c) C:\MSC51\LIB\LLIBCR.LIB(calloc.c) C:\MSC51\LIB\LLIBCR.LIB(fwrite.c) C:\MSC51\LIB\LLIBCR.LIB(fread.c)
__aFuldiv in file(s):
 C:\MSC51\LIB\LLIBCR.LIB(fwrite.c) C:\MSC51\LIB\LLIBCR.LIB(fread.c)
__aFldiv in file(s):
 C:\MSC51\LIB\LLIBCR.LIB(fseek.c)
__aFlrem in file(s):
 C:\MSC51\LIB\LLIBCR.LIB(fseek.c)

There were 6 errors detected
EXIT
Directory of C:\.
NOSEXT   EXE             41,924 05-09-2026  6:29
    1 File(s)            41,924 Bytes.
    0 Dir(s)        262,111,744 Bytes free.
