
Microsoft (R) Overlay Linker  Version 3.65   
Copyright (C) Microsoft Corp 1983-1988.  All rights reserved.

LINK : warning L4051: LLIBCE.LIB : cannot find library

LINK : error L2029: Unresolved externals:



__fltused in file(s):
 NOSEXT.OBJ(C:\WDKSDK\TOOLS\NOSEXT.C)
FISRQQ in file(s):
 NOSEXT.OBJ(C:\WDKSDK\TOOLS\NOSEXT.C)
FJSRQQ in file(s):
 NOSEXT.OBJ(C:\WDKSDK\TOOLS\NOSEXT.C)
FIWRQQ in file(s):
 NOSEXT.OBJ(C:\WDKSDK\TOOLS\NOSEXT.C)
FIDRQQ in file(s):
 NOSEXT.OBJ(C:\WDKSDK\TOOLS\NOSEXT.C)
FIERQQ in file(s):
 NOSEXT.OBJ(C:\WDKSDK\TOOLS\NOSEXT.C)

There were 6 errors detected
EXIT
Directory of C:\.
NOSEXT   EXE             16,471 05-09-2026  6:24
    1 File(s)            16,471 Bytes.
    0 Dir(s)        262,111,744 Bytes free.
